54.36.148.214 - - [20/Oct/2019:10:39:24 +0200] "GET /node/9209 HTTP/1.1" 200 101167 "-" "Mozilla/5.0 (compatible; AhrefsBot/6.1; +http://ahrefs.com/robot/)"
66.249.65.159 - - [20/Oct/2019:10:40:05 +0200] "GET /utilities/ajax_table_desc/593/3 HTTP/1.1" 200 816 "https://popp.applis-bretagne.fr/node/593/597?page=1" "Mozilla/5.0 (Linux; Android 6.0.1; Nexus 5X Build/MMB29P) AppleWebKit/537.36 (KHTML, like Gecko) Chrome/41.0.2272.96 Mobile Safari/537.36 (compatible; Googlebot/2.1; +http://www.google.com/bot.html)"
66.249.65.129 - - [20/Oct/2019:10:40:06 +0200] "GET /utilities/ajax/593/597 HTTP/1.1" 200 835 "https://popp.applis-bretagne.fr/node/593/597?page=1" "Mozilla/5.0 (Linux; Android 6.0.1; Nexus 5X Build/MMB29P) AppleWebKit/537.36 (KHTML, like Gecko) Chrome/41.0.2272.96 Mobile Safari/537.36 (compatible; Googlebot/2.1; +http://www.google.com/bot.html)"
66.249.65.129 - - [20/Oct/2019:10:40:06 +0200] "GET /utilities/ajax_photo_licences/593 HTTP/1.1" 200 198 "https://popp.applis-bretagne.fr/node/593/597?page=1" "Mozilla/5.0 (Linux; Android 6.0.1; Nexus 5X Build/MMB29P) AppleWebKit/537.36 (KHTML, like Gecko) Chrome/41.0.2272.96 Mobile Safari/537.36 (compatible; Googlebot/2.1; +http://www.google.com/bot.html)"
66.249.65.158 - - [20/Oct/2019:10:40:07 +0200] "POST /views/ajax HTTP/1.1" 200 3030 "https://popp.applis-bretagne.fr/node/593/597?page=1" "Mozilla/5.0 (Linux; Android 6.0.1; Nexus 5X Build/MMB29P) AppleWebKit/537.36 (KHTML, like Gecko) Chrome/41.0.2272.96 Mobile Safari/537.36 (compatible; Googlebot/2.1; +http://www.google.com/bot.html)"
66.249.65.158 - - [20/Oct/2019:10:40:07 +0200] "POST /views/ajax HTTP/1.1" 200 3705 "https://popp.applis-bretagne.fr/node/593/597?page=1" "Mozilla/5.0 (Linux; Android 6.0.1; Nexus 5X Build/MMB29P) AppleWebKit/537.36 (KHTML, like Gecko) Chrome/41.0.2272.96 Mobile Safari/537.36 (compatible; Googlebot/2.1; +http://www.google.com/bot.html)"
66.249.65.159 - - [20/Oct/2019:10:40:08 +0200] "GET /utilities/ajax_them_axes/593 HTTP/1.1" 200 868 "https://popp.applis-bretagne.fr/node/593/597?page=1" "Mozilla/5.0 (Linux; Android 6.0.1; Nexus 5X Build/MMB29P) AppleWebKit/537.36 (KHTML, like Gecko) Chrome/41.0.2272.96 Mobile Safari/537.36 (compatible; Googlebot/2.1; +http://www.google.com/bot.html)"
54.36.148.108 - - [20/Oct/2019:10:40:26 +0200] "GET /node/8002 HTTP/1.1" 200 45229 "-" "Mozilla/5.0 (compatible; AhrefsBot/6.1; +http://ahrefs.com/robot/)"
54.36.148.59 - - [20/Oct/2019:10:42:59 +0200] "GET /taxonomy/term/360?page=67 HTTP/1.1" 200 110843 "-" "Mozilla/5.0 (compatible; AhrefsBot/6.1; +http://ahrefs.com/robot/)"
54.36.148.247 - - [20/Oct/2019:10:46:25 +0200] "GET /node/2082/8945 HTTP/1.1" 200 47128 "-" "Mozilla/5.0 (compatible; AhrefsBot/6.1; +http://ahrefs.com/robot/)"
46.18.194.34 - - [20/Oct/2019:10:51:05 +0200] "GET /sites/all/themes/popp/img/logo.jpg HTTP/1.0" 200 17084 "-" "-"
46.18.194.34 - - [20/Oct/2019:10:51:05 +0200] "GET /sites/default/files/styles/photo_sheet_display/public/2015_A1_Pluvigner.JPG?itok=bL9jdctU HTTP/1.0" 200 87131 "-" "-"
46.18.194.34 - - [20/Oct/2019:10:51:06 +0200] "GET /sites/default/files/styles/sidebar_image/public/logo_ecomusee_2013.jpg?itok=Swbjao1y HTTP/1.0" 200 3983 "-" "-"
46.229.168.134 - - [20/Oct/2019:10:51:03 +0200] "GET /serie/pdfexport/8878 HTTP/1.1" 200 6431626 "-" "Mozilla/5.0 (compatible; SemrushBot/6~bl; +http://www.semrush.com/bot.html)"
54.36.149.32 - - [20/Oct/2019:10:55:10 +0200] "GET /node/1580?page=2 HTTP/1.1" 200 45300 "-" "Mozilla/5.0 (compatible; AhrefsBot/6.1; +http://ahrefs.com/robot/)"
46.18.194.34 - - [20/Oct/2019:10:56:34 +0200] "GET /sites/all/themes/popp/img/logo.jpg HTTP/1.0" 200 17084 "-" "-"
46.18.194.34 - - [20/Oct/2019:10:56:34 +0200] "GET /sites/default/files/2017_SMGSCECF_OPP_12.jpg HTTP/1.0" 200 6965170 "-" "-"
46.18.194.34 - - [20/Oct/2019:10:56:35 +0200] "GET /sites/default/files/P5180075.JPG HTTP/1.0" 200 2729700 "-" "-"
54.36.149.50 - - [20/Oct/2019:10:56:32 +0200] "GET /printpdf/node/8626 HTTP/1.1" 200 9718269 "-" "Mozilla/5.0 (compatible; AhrefsBot/6.1; +http://ahrefs.com/robot/)"
54.36.148.105 - - [20/Oct/2019:10:57:39 +0200] "GET /node/1578 HTTP/1.1" 200 46838 "-" "Mozilla/5.0 (compatible; AhrefsBot/6.1; +http://ahrefs.com/robot/)"
46.229.168.137 - - [20/Oct/2019:10:57:43 +0200] "GET /node/1923/1927 HTTP/1.1" 200 47164 "-" "Mozilla/5.0 (compatible; SemrushBot/6~bl; +http://www.semrush.com/bot.html)"
54.36.150.30 - - [20/Oct/2019:10:59:21 +0200] "GET /taxonomy/term/457 HTTP/1.1" 200 93323 "-" "Mozilla/5.0 (compatible; AhrefsBot/6.1; +http://ahrefs.com/robot/)"
54.36.150.43 - - [20/Oct/2019:10:59:35 +0200] "GET /node/8117 HTTP/1.1" 200 101191 "-" "Mozilla/5.0 (compatible; AhrefsBot/6.1; +http://ahrefs.com/robot/)"
46.229.168.137 - - [20/Oct/2019:10:59:41 +0200] "GET /node/9061 HTTP/1.1" 200 45990 "-" "Mozilla/5.0 (compatible; SemrushBot/6~bl; +http://www.semrush.com/bot.html)"
207.46.13.131 - - [20/Oct/2019:10:59:45 +0200] "GET /node/93 HTTP/1.1" 200 47140 "-" "Mozilla/5.0 (compatible; bingbot/2.0; +http://www.bing.com/bingbot.htm)"
54.36.150.26 - - [20/Oct/2019:11:02:00 +0200] "GET /node/8695/8694 HTTP/1.1" 200 44795 "-" "Mozilla/5.0 (compatible; AhrefsBot/6.1; +http://ahrefs.com/robot/)"
66.249.65.158 - - [20/Oct/2019:11:02:24 +0200] "GET /node/905/908 HTTP/1.1" 200 48695 "-" "Mozilla/5.0 (Linux; Android 6.0.1; Nexus 5X Build/MMB29P) AppleWebKit/537.36 (KHTML, like Gecko) Chrome/41.0.2272.96 Mobile Safari/537.36 (compatible; Googlebot/2.1; +http://www.google.com/bot.html)"
66.249.65.158 - - [20/Oct/2019:11:02:33 +0200] "GET /utilities/ajax/905/908 HTTP/1.1" 200 835 "https://popp.applis-bretagne.fr/node/905/908" "Mozilla/5.0 (Linux; Android 6.0.1; Nexus 5X Build/MMB29P) AppleWebKit/537.36 (KHTML, like Gecko) Chrome/41.0.2272.96 Mobile Safari/537.36 (compatible; Googlebot/2.1; +http://www.google.com/bot.html)"
66.249.65.158 - - [20/Oct/2019:11:02:34 +0200] "GET /utilities/ajax_table_desc/905/2 HTTP/1.1" 200 760 "https://popp.applis-bretagne.fr/node/905/908" "Mozilla/5.0 (Linux; Android 6.0.1; Nexus 5X Build/MMB29P) AppleWebKit/537.36 (KHTML, like Gecko) Chrome/41.0.2272.96 Mobile Safari/537.36 (compatible; Googlebot/2.1; +http://www.google.com/bot.html)"
66.249.65.158 - - [20/Oct/2019:11:02:35 +0200] "POST /views/ajax HTTP/1.1" 200 3707 "https://popp.applis-bretagne.fr/node/905/908" "Mozilla/5.0 (Linux; Android 6.0.1; Nexus 5X Build/MMB29P) AppleWebKit/537.36 (KHTML, like Gecko) Chrome/41.0.2272.96 Mobile Safari/537.36 (compatible; Googlebot/2.1; +http://www.google.com/bot.html)"
66.249.65.158 - - [20/Oct/2019:11:02:36 +0200] "POST /views/ajax HTTP/1.1" 200 3028 "https://popp.applis-bretagne.fr/node/905/908" "Mozilla/5.0 (Linux; Android 6.0.1; Nexus 5X Build/MMB29P) AppleWebKit/537.36 (KHTML, like Gecko) Chrome/41.0.2272.96 Mobile Safari/537.36 (compatible; Googlebot/2.1; +http://www.google.com/bot.html)"
54.36.150.120 - - [20/Oct/2019:11:03:50 +0200] "GET /node/657/665 HTTP/1.1" 200 48656 "-" "Mozilla/5.0 (compatible; AhrefsBot/6.1; +http://ahrefs.com/robot/)"
188.240.208.26 - - [20/Oct/2019:11:07:47 +0200] "GET /wp-login.php?8=8acb18 HTTP/1.1" 404 91408 "-" "Mozilla/5.0 (compatible; Googlebot/2.1; +http://www.google.com/bot.html)"
188.240.208.26 - - [20/Oct/2019:11:07:48 +0200] "GET /node/wp-login.php?8=8acb18 HTTP/1.1" 404 91428 "-" "Mozilla/5.0 (compatible; Googlebot/2.1; +http://www.google.com/bot.html)"
54.36.148.28 - - [20/Oct/2019:11:09:59 +0200] "GET /node/569/574?page=2 HTTP/1.1" 200 47332 "-" "Mozilla/5.0 (compatible; AhrefsBot/6.1; +http://ahrefs.com/robot/)"
54.36.150.62 - - [20/Oct/2019:11:11:19 +0200] "GET /node/556?page=2 HTTP/1.1" 200 48014 "-" "Mozilla/5.0 (compatible; AhrefsBot/6.1; +http://ahrefs.com/robot/)"
207.46.13.122 - - [20/Oct/2019:11:14:29 +0200] "GET /node/8359 HTTP/1.1" 200 101047 "-" "Mozilla/5.0 (compatible; bingbot/2.0; +http://www.bing.com/bingbot.htm)"
54.36.150.158 - - [20/Oct/2019:11:16:36 +0200] "GET /node/1101/1104?page=2 HTTP/1.1" 200 48126 "-" "Mozilla/5.0 (compatible; AhrefsBot/6.1; +http://ahrefs.com/robot/)"
83.199.86.236 - - [20/Oct/2019:11:19:38 +0200] "GET /sites/default/files/Image2_0.jpg HTTP/1.1" 200 755243 "https://www.google.fr/" "Mozilla/5.0 (Windows NT 6.1; Win64; x64; rv:69.0) Gecko/20100101 Firefox/69.0"
46.229.168.147 - - [20/Oct/2019:11:20:47 +0200] "GET /robots.txt HTTP/1.1" 200 2189 "-" "Mozilla/5.0 (compatible; SemrushBot/6~bl; +http://www.semrush.com/bot.html)"
46.229.168.154 - - [20/Oct/2019:11:20:47 +0200] "GET /user/login?destination=node%2F8623%23comment-form HTTP/1.1" 200 94403 "-" "Mozilla/5.0 (compatible; SemrushBot/6~bl; +http://www.semrush.com/bot.html)"
46.229.168.141 - - [20/Oct/2019:11:23:02 +0200] "GET /node/1578/1577 HTTP/1.1" 200 46879 "-" "Mozilla/5.0 (compatible; SemrushBot/6~bl; +http://www.semrush.com/bot.html)"
54.36.148.198 - - [20/Oct/2019:11:24:20 +0200] "GET /node/615 HTTP/1.1" 200 98480 "-" "Mozilla/5.0 (compatible; AhrefsBot/6.1; +http://ahrefs.com/robot/)"
85.93.88.91 - - [20/Oct/2019:11:26:35 +0200] "GET /robots.txt HTTP/1.1" 200 2189 "-" "Mozilla/5.0 (compatible; adscanner/)/1.1 (http://seocompany.store; spider@seocompany.store)"
85.93.88.91 - - [20/Oct/2019:11:26:35 +0200] "GET /sites/default/files/paysages_bretagne_livret_2013.pdf HTTP/1.1" 200 8084875 "-" "Mozilla/5.0 (compatible; adscanner/)/1.1 (http://seocompany.store; spider@seocompany.store)"
54.36.150.24 - - [20/Oct/2019:11:32:01 +0200] "GET /node/496/497?page=2 HTTP/1.1" 200 47297 "-" "Mozilla/5.0 (compatible; AhrefsBot/6.1; +http://ahrefs.com/robot/)"
66.249.65.139 - - [20/Oct/2019:11:33:03 +0200] "GET /robots.txt HTTP/1.1" 200 2189 "-" "Mozilla/5.0 (compatible; Googlebot/2.1; +http://www.google.com/bot.html)"
66.249.65.135 - - [20/Oct/2019:11:33:03 +0200] "GET /utilities/ajax_table_desc/2423/0 HTTP/1.1" 200 1172 "http://popp.applis-bretagne.fr/node/2423/2424" "Mozilla/5.0 (Linux; Android 6.0.1; Nexus 5X Build/MMB29P) AppleWebKit/537.36 (KHTML, like Gecko) Chrome/41.0.2272.96 Mobile Safari/537.36 (compatible; Googlebot/2.1; +http://www.google.com/bot.html)"
66.249.65.139 - - [20/Oct/2019:11:33:03 +0200] "POST /views/ajax HTTP/1.1" 200 3062 "http://popp.applis-bretagne.fr/node/2423/2424" "Mozilla/5.0 (Linux; Android 6.0.1; Nexus 5X Build/MMB29P) AppleWebKit/537.36 (KHTML, like Gecko) Chrome/41.0.2272.96 Mobile Safari/537.36 (compatible; Googlebot/2.1; +http://www.google.com/bot.html)"
66.249.65.139 - - [20/Oct/2019:11:33:04 +0200] "POST /views/ajax HTTP/1.1" 200 3711 "http://popp.applis-bretagne.fr/node/2423/2424" "Mozilla/5.0 (Linux; Android 6.0.1; Nexus 5X Build/MMB29P) AppleWebKit/537.36 (KHTML, like Gecko) Chrome/41.0.2272.96 Mobile Safari/537.36 (compatible; Googlebot/2.1; +http://www.google.com/bot.html)"
66.249.65.137 - - [20/Oct/2019:11:33:05 +0200] "GET /utilities/ajax_them_axes/2423 HTTP/1.1" 200 1684 "http://popp.applis-bretagne.fr/node/2423/2424" "Mozilla/5.0 (Linux; Android 6.0.1; Nexus 5X Build/MMB29P) AppleWebKit/537.36 (KHTML, like Gecko) Chrome/41.0.2272.96 Mobile Safari/537.36 (compatible; Googlebot/2.1; +http://www.google.com/bot.html)"
66.249.65.137 - - [20/Oct/2019:11:33:05 +0200] "GET /utilities/ajax/2423/2424 HTTP/1.1" 200 3 "http://popp.applis-bretagne.fr/node/2423/2424" "Mozilla/5.0 (Linux; Android 6.0.1; Nexus 5X Build/MMB29P) AppleWebKit/537.36 (KHTML, like Gecko) Chrome/41.0.2272.96 Mobile Safari/537.36 (compatible; Googlebot/2.1; +http://www.google.com/bot.html)"
54.36.150.145 - - [20/Oct/2019:11:34:23 +0200] "GET /node/892/894?page=2 HTTP/1.1" 200 47980 "-" "Mozilla/5.0 (compatible; AhrefsBot/6.1; +http://ahrefs.com/robot/)"
46.18.194.34 - - [20/Oct/2019:11:34:34 +0200] "GET /sites/all/themes/popp/img/logo.jpg HTTP/1.0" 200 17084 "-" "-"
46.18.194.34 - - [20/Oct/2019:11:34:34 +0200] "GET /sites/default/files/uploadedPhotos/IV02-031300.JPG HTTP/1.0" 200 8091916 "-" "-"
54.36.148.42 - - [20/Oct/2019:11:34:33 +0200] "GET /printpdf/node/1663 HTTP/1.1" 200 8115024 "-" "Mozilla/5.0 (compatible; AhrefsBot/6.1; +http://ahrefs.com/robot/)"
46.18.194.34 - - [20/Oct/2019:11:37:12 +0200] "GET /sites/all/themes/popp/img/logo.jpg HTTP/1.0" 200 17084 "-" "-"
46.18.194.34 - - [20/Oct/2019:11:37:12 +0200] "GET /sites/default/files/uploadedPhotos/2005_T6_baden.JPG HTTP/1.0" 200 1263869 "-" "-"
54.36.149.57 - - [20/Oct/2019:11:37:11 +0200] "GET /printpdf/node/1115 HTTP/1.1" 200 1286973 "-" "Mozilla/5.0 (compatible; AhrefsBot/6.1; +http://ahrefs.com/robot/)"
54.36.149.97 - - [20/Oct/2019:11:37:26 +0200] "GET /node/2438/8942?page=1 HTTP/1.1" 200 44808 "-" "Mozilla/5.0 (compatible; AhrefsBot/6.1; +http://ahrefs.com/robot/)"
216.244.66.237 - - [20/Oct/2019:11:39:12 +0200] "GET /robots.txt HTTP/1.1" 200 2189 "-" "Mozilla/5.0 (compatible; DotBot/1.1; http://www.opensiteexplorer.org/dotbot, help@moz.com)"
54.36.148.20 - - [20/Oct/2019:11:40:45 +0200] "GET /node/7952/9398 HTTP/1.1" 200 47637 "-" "Mozilla/5.0 (compatible; AhrefsBot/6.1; +http://ahrefs.com/robot/)"
54.36.150.99 - - [20/Oct/2019:11:41:44 +0200] "GET /node/2014 HTTP/1.1" 200 102125 "-" "Mozilla/5.0 (compatible; AhrefsBot/6.1; +http://ahrefs.com/robot/)"
54.36.150.184 - - [20/Oct/2019:11:41:54 +0200] "GET /node/971/980?page=2 HTTP/1.1" 200 47337 "-" "Mozilla/5.0 (compatible; AhrefsBot/6.1; +http://ahrefs.com/robot/)"
46.18.194.34 - - [20/Oct/2019:11:44:15 +0200] "GET /sites/all/themes/popp/img/logo.jpg HTTP/1.0" 200 17084 "-" "-"
46.18.194.34 - - [20/Oct/2019:11:44:15 +0200] "GET /sites/default/files/styles/photo_sheet_display/public/2017_SMGSCECF_OPP_01.jpg?itok=fsFUiAuW HTTP/1.0" 200 48486 "-" "-"
46.18.194.34 - - [20/Oct/2019:11:44:15 +0200] "GET /sites/default/files/styles/sidebar_image/public/LOGO%20Syndicat%20des%20caps.jpg?itok=8PJh1FpN HTTP/1.0" 200 2225 "-" "-"
54.36.148.41 - - [20/Oct/2019:11:44:14 +0200] "GET /serie/pdfexport/8602 HTTP/1.1" 200 7701374 "-" "Mozilla/5.0 (compatible; AhrefsBot/6.1; +http://ahrefs.com/robot/)"
54.36.149.24 - - [20/Oct/2019:11:44:24 +0200] "GET /taxonomy/term/138?page=15 HTTP/1.1" 200 107600 "-" "Mozilla/5.0 (compatible; AhrefsBot/6.1; +http://ahrefs.com/robot/)"
54.36.148.65 - - [20/Oct/2019:11:45:12 +0200] "GET /node/1182/1187?page=2 HTTP/1.1" 200 47363 "-" "Mozilla/5.0 (compatible; AhrefsBot/6.1; +http://ahrefs.com/robot/)"
54.36.149.5 - - [20/Oct/2019:11:45:56 +0200] "GET /node/1576/1604?page=2 HTTP/1.1" 200 45695 "-" "Mozilla/5.0 (compatible; AhrefsBot/6.1; +http://ahrefs.com/robot/)"
54.36.150.109 - - [20/Oct/2019:11:46:32 +0200] "GET /node/879/883?page=1 HTTP/1.1" 200 48404 "-" "Mozilla/5.0 (compatible; AhrefsBot/6.1; +http://ahrefs.com/robot/)"
13.66.139.0 - - [20/Oct/2019:11:49:06 +0200] "GET /print/8979 HTTP/1.1" 200 17136 "-" "Mozilla/5.0 (compatible; bingbot/2.0; +http://www.bing.com/bingbot.htm)"
34.92.33.12 - - [20/Oct/2019:11:52:31 +0200] "GET /serie/pdfexport/1582'A=0 HTTP/1.1" 200 - "https://popp.applis-bretagne.fr/serie/pdfexport/1582'A=0" "Mozilla/5.0 (Windows; U; Windows NT 5.1; pt-PT; rv:1.9.1.2) Gecko/20090729 Firefox/3.5.2 (.NET CLR 3.5.30729)"
34.92.33.12 - - [20/Oct/2019:11:52:32 +0200] "GET /serie/pdfexport/1582'A=0 HTTP/1.1" 200 - "https://popp.applis-bretagne.fr/serie/pdfexport/1582'A=0" "Mozilla/5.0 (Windows; U; Windows NT 5.1; pt-PT; rv:1.9.1.2) Gecko/20090729 Firefox/3.5.2 (.NET CLR 3.5.30729)"
34.92.33.12 - - [20/Oct/2019:11:52:35 +0200] "GET /serie/pdfexport/1582'A=0 HTTP/1.1" 200 - "https://popp.applis-bretagne.fr/serie/pdfexport/1582'A=0" "Mozilla/5.0 (Windows; U; Windows NT 5.1; pt-PT; rv:1.9.1.2) Gecko/20090729 Firefox/3.5.2 (.NET CLR 3.5.30729)"
34.92.33.12 - - [20/Oct/2019:11:52:36 +0200] "GET /serie/pdfexport/1582'A=0 HTTP/1.1" 200 - "https://popp.applis-bretagne.fr/serie/pdfexport/1582'A=0" "Mozilla/5.0 (Windows; U; Windows NT 5.1; pt-PT; rv:1.9.1.2) Gecko/20090729 Firefox/3.5.2 (.NET CLR 3.5.30729)"
34.92.33.12 - - [20/Oct/2019:11:52:37 +0200] "GET /serie/pdfexport/1582'A=0 HTTP/1.1" 200 - "https://popp.applis-bretagne.fr/serie/pdfexport/1582'A=0" "Mozilla/5.0 (Windows; U; Windows NT 5.1; pt-PT; rv:1.9.1.2) Gecko/20090729 Firefox/3.5.2 (.NET CLR 3.5.30729)"
34.92.33.12 - - [20/Oct/2019:11:52:37 +0200] "GET /serie/pdfexport/1582'A=0 HTTP/1.1" 200 - "https://popp.applis-bretagne.fr/serie/pdfexport/1582'A=0" "Mozilla/5.0 (Windows; U; Windows NT 5.1; pt-PT; rv:1.9.1.2) Gecko/20090729 Firefox/3.5.2 (.NET CLR 3.5.30729)"
54.36.149.34 - - [20/Oct/2019:11:50:29 +0200] "GET /node/8417 HTTP/1.1" 200 99669 "-" "Mozilla/5.0 (compatible; AhrefsBot/6.1; +http://ahrefs.com/robot/)"
46.18.194.34 - - [20/Oct/2019:11:54:49 +0200] "GET /sites/all/themes/popp/img/logo.jpg HTTP/1.0" 200 17084 "-" "-"
46.18.194.34 - - [20/Oct/2019:11:54:49 +0200] "GET /sites/default/files/IMG_0729.JPG HTTP/1.0" 200 5260234 "-" "-"
157.55.39.241 - - [20/Oct/2019:11:54:48 +0200] "GET /printpdf/node/8587 HTTP/1.1" 200 5283376 "-" "Mozilla/5.0 (compatible; bingbot/2.0; +http://www.bing.com/bingbot.htm)"
54.36.150.145 - - [20/Oct/2019:11:56:28 +0200] "GET /node/8322/8323?page=1 HTTP/1.1" 200 45870 "-" "Mozilla/5.0 (compatible; AhrefsBot/6.1; +http://ahrefs.com/robot/)"
54.36.150.173 - - [20/Oct/2019:11:56:44 +0200] "GET /node/1329 HTTP/1.1" 200 98460 "-" "Mozilla/5.0 (compatible; AhrefsBot/6.1; +http://ahrefs.com/robot/)"
207.46.13.131 - - [20/Oct/2019:11:57:21 +0200] "GET /sites/default/files/styles/large/public/15_01_05_2018_03.jpg?itok=mlv5jycK HTTP/1.1" 200 14305 "-" "Mozilla/5.0 (compatible; bingbot/2.0; +http://www.bing.com/bingbot.htm)"
207.46.13.131 - - [20/Oct/2019:11:58:01 +0200] "GET /node/8817 HTTP/1.1" 200 104310 "-" "Mozilla/5.0 (compatible; bingbot/2.0; +http://www.bing.com/bingbot.htm)"
54.36.150.53 - - [20/Oct/2019:11:54:34 +0200] "GET /node/1552/9379 HTTP/1.1" 200 47986 "-" "Mozilla/5.0 (compatible; AhrefsBot/6.1; +http://ahrefs.com/robot/)"
46.229.168.132 - - [20/Oct/2019:12:00:10 +0200] "GET /robots.txt HTTP/1.1" 200 2189 "-" "Mozilla/5.0 (compatible; SemrushBot/6~bl; +http://www.semrush.com/bot.html)"
46.229.168.154 - - [20/Oct/2019:12:00:11 +0200] "GET /node/1195 HTTP/1.1" 200 48722 "-" "Mozilla/5.0 (compatible; SemrushBot/6~bl; +http://www.semrush.com/bot.html)"
54.36.150.155 - - [20/Oct/2019:12:00:40 +0200] "GET /node/1525/8778?page=1 HTTP/1.1" 200 47636 "-" "Mozilla/5.0 (compatible; AhrefsBot/6.1; +http://ahrefs.com/robot/)"
54.36.150.87 - - [20/Oct/2019:12:06:39 +0200] "GET /node/7992/7991 HTTP/1.1" 200 44316 "-" "Mozilla/5.0 (compatible; AhrefsBot/6.1; +http://ahrefs.com/robot/)"
216.244.66.237 - - [20/Oct/2019:12:10:15 +0200] "GET /node/1674?page=1 HTTP/1.1" 200 46529 "-" "Mozilla/5.0 (compatible; DotBot/1.1; http://www.opensiteexplorer.org/dotbot, help@moz.com)"
157.55.39.76 - - [20/Oct/2019:12:13:06 +0200] "GET /node/2620/8932 HTTP/1.1" 200 48925 "-" "Mozilla/5.0 (compatible; bingbot/2.0; +http://www.bing.com/bingbot.htm)"
157.55.39.76 - - [20/Oct/2019:12:13:20 +0200] "GET /node/8002 HTTP/1.1" 200 45229 "-" "Mozilla/5.0 (compatible; bingbot/2.0; +http://www.bing.com/bingbot.htm)"
115.28.229.143 - - [20/Oct/2019:12:14:27 +0200] "GET /wp-login.php HTTP/1.1" 404 91399 "-" "Apache-HttpClient/4.5.2 (Java/1.8.0_151)"
115.28.229.143 - - [20/Oct/2019:12:14:36 +0200] "GET /?author=1 HTTP/1.1" 200 537469 "-" "Apache-HttpClient/4.5.2 (Java/1.8.0_151)"
54.36.150.148 - - [20/Oct/2019:12:16:12 +0200] "GET /node/1213 HTTP/1.1" 200 98434 "-" "Mozilla/5.0 (compatible; AhrefsBot/6.1; +http://ahrefs.com/robot/)"
207.46.13.131 - - [20/Oct/2019:12:16:12 +0200] "GET /taxonomy/term/36 HTTP/1.1" 200 93369 "-" "Mozilla/5.0 (compatible; bingbot/2.0; +http://www.bing.com/bingbot.htm)"
54.36.148.16 - - [20/Oct/2019:12:16:22 +0200] "GET /node/1045/1054 HTTP/1.1" 200 48752 "-" "Mozilla/5.0 (compatible; AhrefsBot/6.1; +http://ahrefs.com/robot/)"
115.28.229.143 - - [20/Oct/2019:12:15:42 +0200] "GET /?author=2 HTTP/1.1" 200 537257 "-" "Apache-HttpClient/4.5.2 (Java/1.8.0_151)"
115.28.229.143 - - [20/Oct/2019:12:16:45 +0200] "GET /?author=3 HTTP/1.1" 200 537257 "-" "Apache-HttpClient/4.5.2 (Java/1.8.0_151)"
207.46.13.16 - - [20/Oct/2019:12:17:25 +0200] "GET /node/8865 HTTP/1.1" 200 102972 "-" "Mozilla/5.0 (compatible; bingbot/2.0; +http://www.bing.com/bingbot.htm)"
115.28.229.143 - - [20/Oct/2019:12:17:30 +0200] "GET /?author=4 HTTP/1.1" 200 537257 "-" "Apache-HttpClient/4.5.2 (Java/1.8.0_151)"
46.18.194.34 - - [20/Oct/2019:12:18:06 +0200] "GET /modules/system/system.base.css?px9c9m HTTP/1.0" 200 5428 "-" "-"
46.18.194.34 - - [20/Oct/2019:12:18:06 +0200] "GET /sites/all/modules/date/date_api/date.css?px9c9m HTTP/1.0" 200 3733 "-" "-"
46.18.194.34 - - [20/Oct/2019:12:18:06 +0200] "GET /modules/field/theme/field.css?px9c9m HTTP/1.0" 200 550 "-" "-"
46.18.194.34 - - [20/Oct/2019:12:18:06 +0200] "GET /modules/node/node.css?px9c9m HTTP/1.0" 200 144 "-" "-"
46.18.194.34 - - [20/Oct/2019:12:18:06 +0200] "GET /sites/all/modules/postgis/postgis.css?px9c9m HTTP/1.0" 200 149 "-" "-"
46.18.194.34 - - [20/Oct/2019:12:18:07 +0200] "GET /sites/all/modules/views/css/views.css?px9c9m HTTP/1.0" 200 707 "-" "-"
46.18.194.34 - - [20/Oct/2019:12:18:07 +0200] "GET /sites/all/modules/ctools/css/ctools.css?px9c9m HTTP/1.0" 200 509 "-" "-"
46.18.194.34 - - [20/Oct/2019:12:18:07 +0200] "GET /sites/all/modules/lightbox2/css/lightbox.css?px9c9m HTTP/1.0" 200 4990 "-" "-"
46.18.194.34 - - [20/Oct/2019:12:18:07 +0200] "GET /sites/all/modules/field_collection/field_collection.theme.css?px9c9m HTTP/1.0" 200 1221 "-" "-"
46.18.194.34 - - [20/Oct/2019:12:18:07 +0200] "GET /sites/all/modules/print/css/print.css?px9c9m HTTP/1.0" 200 990 "-" "-"
46.18.194.34 - - [20/Oct/2019:12:18:07 +0200] "GET //cdn.jsdelivr.net/bootstrap/3.0.2/css/bootstrap.css HTTP/1.0" 404 333 "-" "-"
46.18.194.34 - - [20/Oct/2019:12:18:07 +0200] "GET /sites/all/themes/bootstrap/css/3.0.2/overrides.min.css?px9c9m HTTP/1.0" 200 12850 "-" "-"
46.18.194.34 - - [20/Oct/2019:12:18:08 +0200] "GET /sites/all/themes/popp/img/logo.jpg HTTP/1.0" 200 17084 "-" "-"
46.18.194.34 - - [20/Oct/2019:12:18:08 +0200] "GET /sites/default/files/styles/large/public/04_02_09_2019_08.jpg?itok=7NvgxNw6 HTTP/1.0" 200 32544 "-" "-"
54.36.148.19 - - [20/Oct/2019:12:18:06 +0200] "GET /printpdf/9374 HTTP/1.1" 200 54606 "-" "Mozilla/5.0 (compatible; AhrefsBot/6.1; +http://ahrefs.com/robot/)"
115.28.229.143 - - [20/Oct/2019:12:18:03 +0200] "GET /?author=5 HTTP/1.1" 200 537257 "-" "Apache-HttpClient/4.5.2 (Java/1.8.0_151)"
115.28.229.143 - - [20/Oct/2019:12:18:56 +0200] "GET /?author=6 HTTP/1.1" 200 537257 "-" "Apache-HttpClient/4.5.2 (Java/1.8.0_151)"
115.28.229.143 - - [20/Oct/2019:12:19:25 +0200] "GET /?author=7 HTTP/1.1" 200 537257 "-" "Apache-HttpClient/4.5.2 (Java/1.8.0_151)"
46.18.194.34 - - [20/Oct/2019:12:20:46 +0200] "GET /sites/all/themes/popp/img/logo.jpg HTTP/1.0" 200 17084 "-" "-"
46.18.194.34 - - [20/Oct/2019:12:20:46 +0200] "GET /sites/default/files/styles/photo_sheet_display/public/20180510_OPP_entr%C3%A9e%20de%20ville%20Ploemeur.JPG?itok=uw5-U_1- HTTP/1.0" 200 56821 "-" "-"
46.18.194.34 - - [20/Oct/2019:12:20:47 +0200] "GET /sites/default/files/styles/sidebar_image/public/logo_UTL%20Bretagne_OPPP.jpg?itok=DQAZpac4 HTTP/1.0" 200 3037 "-" "-"
46.18.194.34 - - [20/Oct/2019:12:20:47 +0200] "GET /sites/default/files/styles/photo_sheet_display/public/20180917_POPP_Ploemeur%20Armor_recadr%C3%A9.JPG?itok=NNd0RsTw HTTP/1.0" 200 62099 "-" "-"
46.18.194.34 - - [20/Oct/2019:12:20:47 +0200] "GET /sites/default/files/styles/photo_sheet_display/public/20190108_POPP_Ploemeur%20Armor.JPG?itok=x_f1mGKm HTTP/1.0" 200 56885 "-" "-"
46.18.194.34 - - [20/Oct/2019:12:20:47 +0200] "GET /sites/default/files/styles/photo_sheet_display/public/20190508_POPP_Ploemeur%20Armor.JPG?itok=HAMPg78Y HTTP/1.0" 200 58692 "-" "-"
46.18.194.34 - - [20/Oct/2019:12:20:47 +0200] "GET /sites/default/files/styles/photo_sheet_display/public/20190915_POPP_Ploemeur%20Armor.JPG?itok=FINwE3Xi HTTP/1.0" 200 63802 "-" "-"
54.36.148.115 - - [20/Oct/2019:12:20:44 +0200] "GET /serie/pdfexport/7933 HTTP/1.1" 200 27760079 "-" "Mozilla/5.0 (compatible; AhrefsBot/6.1; +http://ahrefs.com/robot/)"
115.28.229.143 - - [20/Oct/2019:12:20:11 +0200] "GET /?author=8 HTTP/1.1" 200 537257 "-" "Apache-HttpClient/4.5.2 (Java/1.8.0_151)"
207.46.13.131 - - [20/Oct/2019:12:20:51 +0200] "GET /sites/default/files/styles/miniature_serie_photo/public/P1030936.jpg?itok=RtX_-DPb HTTP/1.1" 200 3561 "-" "Mozilla/5.0 (compatible; bingbot/2.0; +http://www.bing.com/bingbot.htm)"
40.77.167.188 - - [20/Oct/2019:12:21:04 +0200] "GET /node/9064 HTTP/1.1" 200 99496 "-" "Mozilla/5.0 (compatible; bingbot/2.0; +http://www.bing.com/bingbot.htm)"
115.28.229.143 - - [20/Oct/2019:12:20:53 +0200] "GET /?author=9 HTTP/1.1" 200 537257 "-" "Apache-HttpClient/4.5.2 (Java/1.8.0_151)"
115.28.229.143 - - [20/Oct/2019:12:21:24 +0200] "GET /?author=10 HTTP/1.1" 200 537257 "-" "Apache-HttpClient/4.5.2 (Java/1.8.0_151)"
115.28.229.143 - - [20/Oct/2019:12:21:42 +0200] "GET /?author=11 HTTP/1.1" 200 537257 "-" "Apache-HttpClient/4.5.2 (Java/1.8.0_151)"
115.28.229.143 - - [20/Oct/2019:12:22:07 +0200] "GET /?author=12 HTTP/1.1" 200 537257 "-" "Apache-HttpClient/4.5.2 (Java/1.8.0_151)"
115.28.229.143 - - [20/Oct/2019:12:22:34 +0200] "GET /?author=13 HTTP/1.1" 200 537257 "-" "Apache-HttpClient/4.5.2 (Java/1.8.0_151)"
115.28.229.143 - - [20/Oct/2019:12:23:04 +0200] "GET /?author=14 HTTP/1.1" 200 537257 "-" "Apache-HttpClient/4.5.2 (Java/1.8.0_151)"
115.28.229.143 - - [20/Oct/2019:12:23:24 +0200] "GET /?author=15 HTTP/1.1" 200 537257 "-" "Apache-HttpClient/4.5.2 (Java/1.8.0_151)"
115.28.229.143 - - [20/Oct/2019:12:24:08 +0200] "GET /?author=16 HTTP/1.1" 200 537257 "-" "Apache-HttpClient/4.5.2 (Java/1.8.0_151)"
66.249.65.137 - - [20/Oct/2019:12:24:36 +0200] "GET /utilities/ajax_table_desc/1465/2 HTTP/1.1" 200 704 "http://popp.applis-bretagne.fr/node/1465/1468?page=1" "Mozilla/5.0 (Linux; Android 6.0.1; Nexus 5X Build/MMB29P) AppleWebKit/537.36 (KHTML, like Gecko) Chrome/41.0.2272.96 Mobile Safari/537.36 (compatible; Googlebot/2.1; +http://www.google.com/bot.html)"
66.249.65.137 - - [20/Oct/2019:12:24:37 +0200] "POST /views/ajax HTTP/1.1" 200 3705 "http://popp.applis-bretagne.fr/node/1465/1468?page=1" "Mozilla/5.0 (Linux; Android 6.0.1; Nexus 5X Build/MMB29P) AppleWebKit/537.36 (KHTML, like Gecko) Chrome/41.0.2272.96 Mobile Safari/537.36 (compatible; Googlebot/2.1; +http://www.google.com/bot.html)"
66.249.65.139 - - [20/Oct/2019:12:24:37 +0200] "POST /views/ajax HTTP/1.1" 200 3032 "http://popp.applis-bretagne.fr/node/1465/1468?page=1" "Mozilla/5.0 (Linux; Android 6.0.1; Nexus 5X Build/MMB29P) AppleWebKit/537.36 (KHTML, like Gecko) Chrome/41.0.2272.96 Mobile Safari/537.36 (compatible; Googlebot/2.1; +http://www.google.com/bot.html)"
66.249.65.135 - - [20/Oct/2019:12:24:38 +0200] "GET /utilities/ajax/1465/1468 HTTP/1.1" 200 835 "http://popp.applis-bretagne.fr/node/1465/1468?page=1" "Mozilla/5.0 (Linux; Android 6.0.1; Nexus 5X Build/MMB29P) AppleWebKit/537.36 (KHTML, like Gecko) Chrome/41.0.2272.96 Mobile Safari/537.36 (compatible; Googlebot/2.1; +http://www.google.com/bot.html)"
66.249.65.137 - - [20/Oct/2019:12:24:39 +0200] "GET /utilities/ajax_photo_licences/1465 HTTP/1.1" 200 198 "http://popp.applis-bretagne.fr/node/1465/1468?page=1" "Mozilla/5.0 (Linux; Android 6.0.1; Nexus 5X Build/MMB29P) AppleWebKit/537.36 (KHTML, like Gecko) Chrome/41.0.2272.96 Mobile Safari/537.36 (compatible; Googlebot/2.1; +http://www.google.com/bot.html)"
66.249.65.135 - - [20/Oct/2019:12:24:39 +0200] "GET /utilities/ajax_them_axes/1465 HTTP/1.1" 200 693 "http://popp.applis-bretagne.fr/node/1465/1468?page=1" "Mozilla/5.0 (Linux; Android 6.0.1; Nexus 5X Build/MMB29P) AppleWebKit/537.36 (KHTML, like Gecko) Chrome/41.0.2272.96 Mobile Safari/537.36 (compatible; Googlebot/2.1; +http://www.google.com/bot.html)"
115.28.229.143 - - [20/Oct/2019:12:24:29 +0200] "GET /?author=17 HTTP/1.1" 200 537257 "-" "Apache-HttpClient/4.5.2 (Java/1.8.0_151)"
54.36.148.169 - - [20/Oct/2019:12:25:12 +0200] "GET /node/2082/2087?page=1 HTTP/1.1" 200 45668 "-" "Mozilla/5.0 (compatible; AhrefsBot/6.1; +http://ahrefs.com/robot/)"
115.28.229.143 - - [20/Oct/2019:12:24:53 +0200] "GET /?author=18 HTTP/1.1" 200 537257 "-" "Apache-HttpClient/4.5.2 (Java/1.8.0_151)"
115.28.229.143 - - [20/Oct/2019:12:25:27 +0200] "GET /?author=19 HTTP/1.1" 200 537257 "-" "Apache-HttpClient/4.5.2 (Java/1.8.0_151)"
54.36.148.176 - - [20/Oct/2019:12:26:20 +0200] "GET /node/8430/8434?page=1 HTTP/1.1" 200 47183 "-" "Mozilla/5.0 (compatible; AhrefsBot/6.1; +http://ahrefs.com/robot/)"
115.28.229.143 - - [20/Oct/2019:12:26:09 +0200] "GET /?author=20 HTTP/1.1" 200 537257 "-" "Apache-HttpClient/4.5.2 (Java/1.8.0_151)"
54.36.148.206 - - [20/Oct/2019:12:28:04 +0200] "GET /printpdf/9372 HTTP/1.1" 200 51413 "-" "Mozilla/5.0 (compatible; AhrefsBot/6.1; +http://ahrefs.com/robot/)"
54.36.148.118 - - [20/Oct/2019:12:31:30 +0200] "GET /node/917/922?page=2 HTTP/1.1" 200 48074 "-" "Mozilla/5.0 (compatible; AhrefsBot/6.1; +http://ahrefs.com/robot/)"
46.229.168.148 - - [20/Oct/2019:12:33:51 +0200] "GET /robots.txt HTTP/1.1" 200 2189 "-" "Mozilla/5.0 (compatible; SemrushBot/6~bl; +http://www.semrush.com/bot.html)"
46.229.168.129 - - [20/Oct/2019:12:33:52 +0200] "GET /user/login?destination=node%2F78%23comment-form HTTP/1.1" 200 94399 "-" "Mozilla/5.0 (compatible; SemrushBot/6~bl; +http://www.semrush.com/bot.html)"
54.36.150.72 - - [20/Oct/2019:12:35:17 +0200] "GET /node/2412/2417?page=1 HTTP/1.1" 200 46185 "-" "Mozilla/5.0 (compatible; AhrefsBot/6.1; +http://ahrefs.com/robot/)"
216.244.66.237 - - [20/Oct/2019:12:38:59 +0200] "GET /robots.txt HTTP/1.1" 200 2189 "-" "Mozilla/5.0 (compatible; DotBot/1.1; http://www.opensiteexplorer.org/dotbot, help@moz.com)"
46.229.168.134 - - [20/Oct/2019:12:39:05 +0200] "GET /node/130 HTTP/1.1" 200 47293 "-" "Mozilla/5.0 (compatible; SemrushBot/6~bl; +http://www.semrush.com/bot.html)"
66.249.65.158 - - [20/Oct/2019:12:39:08 +0200] "GET /sites/default/files/css/css_h7B4OSv1ONuvos5GEevZp4GTzCFmd5tHngz_PDMa3GA.css HTTP/1.1" 404 358 "https://popp.applis-bretagne.fr/node/917/919?page=1" "Mozilla/5.0 (Linux; Android 6.0.1; Nexus 5X Build/MMB29P) AppleWebKit/537.36 (KHTML, like Gecko) Chrome/41.0.2272.96 Mobile Safari/537.36 (compatible; Googlebot/2.1; +http://www.google.com/bot.html)"
66.249.65.129 - - [20/Oct/2019:12:39:09 +0200] "GET /sites/default/files/js/js_yo9QJ55hHiYOUgCDdekfA51z0MNyY09hHAlJw4Uz1s8.js HTTP/1.1" 404 355 "https://popp.applis-bretagne.fr/node/917/919?page=1" "Mozilla/5.0 (Linux; Android 6.0.1; Nexus 5X Build/MMB29P) AppleWebKit/537.36 (KHTML, like Gecko) Chrome/41.0.2272.96 Mobile Safari/537.36 (compatible; Googlebot/2.1; +http://www.google.com/bot.html)"
66.249.65.159 - - [20/Oct/2019:12:39:10 +0200] "GET /sites/default/files/js/js_JLxuxbhhrFRy-sBnijHkR0TGGHgiukMPv94zvDWgQ3g.js HTTP/1.1" 404 355 "https://popp.applis-bretagne.fr/node/917/919?page=1" "Mozilla/5.0 (Linux; Android 6.0.1; Nexus 5X Build/MMB29P) AppleWebKit/537.36 (KHTML, like Gecko) Chrome/41.0.2272.96 Mobile Safari/537.36 (compatible; Googlebot/2.1; +http://www.google.com/bot.html)"
66.249.65.159 - - [20/Oct/2019:12:39:11 +0200] "GET /sites/default/files/js/js_s_L-qx31pYm4AOYQvCH7NIEVsKUI7hfThWDEWJZSym4.js HTTP/1.1" 404 355 "https://popp.applis-bretagne.fr/node/917/919?page=1" "Mozilla/5.0 (Linux; Android 6.0.1; Nexus 5X Build/MMB29P) AppleWebKit/537.36 (KHTML, like Gecko) Chrome/41.0.2272.96 Mobile Safari/537.36 (compatible; Googlebot/2.1; +http://www.google.com/bot.html)"
46.18.194.34 - - [20/Oct/2019:12:39:11 +0200] "GET /sites/all/themes/popp/img/logo.jpg HTTP/1.0" 200 17084 "-" "-"
66.249.65.159 - - [20/Oct/2019:12:39:11 +0200] "GET /sites/default/files/js/js_L50O_PWoAuMOxVjnzZCkNSSmI0kFwhZsO1_KS8WnGKw.js HTTP/1.1" 404 355 "https://popp.applis-bretagne.fr/node/917/919?page=1" "Mozilla/5.0 (Linux; Android 6.0.1; Nexus 5X Build/MMB29P) AppleWebKit/537.36 (KHTML, like Gecko) Chrome/41.0.2272.96 Mobile Safari/537.36 (compatible; Googlebot/2.1; +http://www.google.com/bot.html)"
46.18.194.34 - - [20/Oct/2019:12:39:12 +0200] "GET /sites/default/files/IMG_2770.JPG HTTP/1.0" 200 1303665 "-" "-"
157.55.39.229 - - [20/Oct/2019:12:39:11 +0200] "GET /printpdf/node/8680 HTTP/1.1" 200 1326792 "-" "Mozilla/5.0 (compatible; bingbot/2.0; +http://www.bing.com/bingbot.htm)"
54.36.148.244 - - [20/Oct/2019:12:39:15 +0200] "GET /node/8559 HTTP/1.1" 200 101616 "-" "Mozilla/5.0 (compatible; AhrefsBot/6.1; +http://ahrefs.com/robot/)"
46.18.194.34 - - [20/Oct/2019:12:40:31 +0200] "GET /sites/all/themes/popp/img/logo.jpg HTTP/1.0" 200 17084 "-" "-"
46.18.194.34 - - [20/Oct/2019:12:40:32 +0200] "GET /sites/default/files/Aiguillon%2001.jpg HTTP/1.0" 200 17095531 "-" "-"
54.36.150.146 - - [20/Oct/2019:12:40:31 +0200] "GET /printpdf/node/7960 HTTP/1.1" 200 17118696 "-" "Mozilla/5.0 (compatible; AhrefsBot/6.1; +http://ahrefs.com/robot/)"
46.229.168.150 - - [20/Oct/2019:12:40:44 +0200] "GET /user/register?destination=node%2F9308%23comment-form HTTP/1.1" 200 112900 "-" "Mozilla/5.0 (compatible; SemrushBot/6~bl; +http://www.semrush.com/bot.html)"
157.55.39.241 - - [20/Oct/2019:12:40:54 +0200] "GET /taxonomy/term/372 HTTP/1.1" 200 93335 "-" "Mozilla/5.0 (compatible; bingbot/2.0; +http://www.bing.com/bingbot.htm)"
40.77.167.188 - - [20/Oct/2019:12:41:43 +0200] "GET /node/8544 HTTP/1.1" 200 100320 "-" "Mozilla/5.0 (compatible; bingbot/2.0; +http://www.bing.com/bingbot.htm)"
46.18.194.34 - - [20/Oct/2019:12:42:49 +0200] "GET /modules/system/system.base.css?px9c9m HTTP/1.0" 200 5428 "-" "-"
46.18.194.34 - - [20/Oct/2019:12:42:49 +0200] "GET /sites/all/modules/date/date_api/date.css?px9c9m HTTP/1.0" 200 3733 "-" "-"
46.18.194.34 - - [20/Oct/2019:12:42:49 +0200] "GET /modules/field/theme/field.css?px9c9m HTTP/1.0" 200 550 "-" "-"
46.18.194.34 - - [20/Oct/2019:12:42:49 +0200] "GET /modules/node/node.css?px9c9m HTTP/1.0" 200 144 "-" "-"
46.18.194.34 - - [20/Oct/2019:12:42:49 +0200] "GET /sites/all/modules/postgis/postgis.css?px9c9m HTTP/1.0" 200 149 "-" "-"
46.18.194.34 - - [20/Oct/2019:12:42:49 +0200] "GET /sites/all/modules/views/css/views.css?px9c9m HTTP/1.0" 200 707 "-" "-"
46.18.194.34 - - [20/Oct/2019:12:42:49 +0200] "GET /sites/all/modules/ctools/css/ctools.css?px9c9m HTTP/1.0" 200 509 "-" "-"
46.18.194.34 - - [20/Oct/2019:12:42:49 +0200] "GET /sites/all/modules/lightbox2/css/lightbox.css?px9c9m HTTP/1.0" 200 4990 "-" "-"
46.18.194.34 - - [20/Oct/2019:12:42:49 +0200] "GET /sites/all/modules/field_collection/field_collection.theme.css?px9c9m HTTP/1.0" 200 1221 "-" "-"
46.18.194.34 - - [20/Oct/2019:12:42:49 +0200] "GET /sites/all/modules/print/css/print.css?px9c9m HTTP/1.0" 200 990 "-" "-"
46.18.194.34 - - [20/Oct/2019:12:42:49 +0200] "GET //cdn.jsdelivr.net/bootstrap/3.0.2/css/bootstrap.css HTTP/1.0" 404 333 "-" "-"
46.18.194.34 - - [20/Oct/2019:12:42:49 +0200] "GET /sites/all/themes/bootstrap/css/3.0.2/overrides.min.css?px9c9m HTTP/1.0" 200 12850 "-" "-"
46.18.194.34 - - [20/Oct/2019:12:42:50 +0200] "GET /sites/all/themes/popp/img/logo.jpg HTTP/1.0" 200 17084 "-" "-"
46.18.194.34 - - [20/Oct/2019:12:42:50 +0200] "GET /sites/default/files/styles/thumbnail/public/pictures/picture-67-1540394156.png?itok=XBpl6l80 HTTP/1.0" 200 3576 "-" "-"
46.18.194.34 - - [20/Oct/2019:12:42:50 +0200] "GET /sites/default/files/styles/large/public/SMPSB_OPP_45_2015.jpg?itok=ORo7e55P HTTP/1.0" 200 32632 "-" "-"
157.55.39.229 - - [20/Oct/2019:12:42:48 +0200] "GET /printpdf/330 HTTP/1.1" 200 60728 "-" "Mozilla/5.0 (compatible; bingbot/2.0; +http://www.bing.com/bingbot.htm)"
157.55.39.76 - - [20/Oct/2019:12:42:59 +0200] "GET /node/8909 HTTP/1.1" 200 101496 "-" "Mozilla/5.0 (compatible; bingbot/2.0; +http://www.bing.com/bingbot.htm)"
66.249.65.158 - - [20/Oct/2019:12:44:46 +0200] "GET /sites/default/files/css/css_5O64f_SkDluxrbH6vuV_p-Lx4jSH9efNtp1ijKaYdnw.css HTTP/1.1" 404 358 "https://popp.applis-bretagne.fr/node/1546/2576" "Mozilla/5.0 AppleWebKit/537.36 (KHTML, like Gecko; compatible; Googlebot/2.1; +http://www.google.com/bot.html) Safari/537.36"
66.249.65.158 - - [20/Oct/2019:12:44:47 +0200] "GET /sites/default/files/css/css_vZ_wrMQ9Og-YPPxa1q4us3N7DsZMJa-14jShHgRoRNo.css HTTP/1.1" 404 358 "https://popp.applis-bretagne.fr/node/1546/2576" "Mozilla/5.0 AppleWebKit/537.36 (KHTML, like Gecko; compatible; Googlebot/2.1; +http://www.google.com/bot.html) Safari/537.36"
66.249.65.159 - - [20/Oct/2019:12:44:47 +0200] "GET /sites/default/files/js/js_R_2Tr_Un5hOR0grBYnDAbBGoV0CA6ulZXGHL_gKL6NE.js HTTP/1.1" 404 355 "https://popp.applis-bretagne.fr/node/1546/2576" "Mozilla/5.0 AppleWebKit/537.36 (KHTML, like Gecko; compatible; Googlebot/2.1; +http://www.google.com/bot.html) Safari/537.36"
66.249.65.129 - - [20/Oct/2019:12:44:48 +0200] "GET /sites/default/files/js/js_HgC8alcpvSRGgCa0-r9t8-5JiKGBCSQ7BPnq0NZ9_n4.js HTTP/1.1" 404 355 "https://popp.applis-bretagne.fr/node/1546/2576" "Mozilla/5.0 AppleWebKit/537.36 (KHTML, like Gecko; compatible; Googlebot/2.1; +http://www.google.com/bot.html) Safari/537.36"
66.249.65.158 - - [20/Oct/2019:12:44:49 +0200] "GET /sites/default/files/css/css_lQaZfjVpwP_oGNqdtWCSpJT1EMqXdMiU84ekLLxQnc4.css HTTP/1.1" 404 358 "https://popp.applis-bretagne.fr/node/1546/2576" "Mozilla/5.0 AppleWebKit/537.36 (KHTML, like Gecko; compatible; Googlebot/2.1; +http://www.google.com/bot.html) Safari/537.36"
66.249.65.159 - - [20/Oct/2019:12:44:49 +0200] "GET /sites/default/files/js/js_fqHMaSlplOH29iBQDc4srbnQGJa2Tn7jvCFz40iiY5w.js HTTP/1.1" 404 355 "https://popp.applis-bretagne.fr/node/1546/2576" "Mozilla/5.0 AppleWebKit/537.36 (KHTML, like Gecko; compatible; Googlebot/2.1; +http://www.google.com/bot.html) Safari/537.36"
66.249.65.159 - - [20/Oct/2019:12:44:50 +0200] "GET /sites/default/files/css/css_Ipd9rBtBY46Jm7aSoKZXLHZOmQINRREbwRjevntCBFI.css HTTP/1.1" 404 358 "https://popp.applis-bretagne.fr/node/1546/2576" "Mozilla/5.0 AppleWebKit/537.36 (KHTML, like Gecko; compatible; Googlebot/2.1; +http://www.google.com/bot.html) Safari/537.36"
66.249.65.159 - - [20/Oct/2019:12:44:50 +0200] "GET /sites/default/files/css/css_Ipd9rBtBY46Jm7aSoKZXLHZOmQINRREbwRjevntCBFI.css HTTP/1.1" 404 358 "https://popp.applis-bretagne.fr/node/1546/2576" "Mozilla/5.0 AppleWebKit/537.36 (KHTML, like Gecko; compatible; Googlebot/2.1; +http://www.google.com/bot.html) Safari/537.36"
54.36.148.168 - - [20/Oct/2019:12:45:13 +0200] "GET /node/8692/8691 HTTP/1.1" 200 43848 "-" "Mozilla/5.0 (compatible; AhrefsBot/6.1; +http://ahrefs.com/robot/)"
46.229.168.149 - - [20/Oct/2019:12:46:33 +0200] "GET /user/login?destination=node%2F8579%23comment-form HTTP/1.1" 200 94403 "-" "Mozilla/5.0 (compatible; SemrushBot/6~bl; +http://www.semrush.com/bot.html)"
157.55.39.229 - - [20/Oct/2019:12:47:19 +0200] "GET /opp-caue-cotes-armor HTTP/1.1" 200 98335 "-" "Mozilla/5.0 (compatible; bingbot/2.0; +http://www.bing.com/bingbot.htm)"
157.55.39.229 - - [20/Oct/2019:12:47:34 +0200] "GET /node/1544?page=1 HTTP/1.1" 200 46974 "-" "Mozilla/5.0 (compatible; bingbot/2.0; +http://www.bing.com/bingbot.htm)"
54.36.150.68 - - [20/Oct/2019:12:47:57 +0200] "GET /node/1195/1201 HTTP/1.1" 200 48783 "-" "Mozilla/5.0 (compatible; AhrefsBot/6.1; +http://ahrefs.com/robot/)"
54.36.150.55 - - [20/Oct/2019:12:49:53 +0200] "GET /node/1644 HTTP/1.1" 200 102208 "-" "Mozilla/5.0 (compatible; AhrefsBot/6.1; +http://ahrefs.com/robot/)"
46.229.168.149 - - [20/Oct/2019:12:50:20 +0200] "GET /node/2618/8935 HTTP/1.1" 200 50175 "-" "Mozilla/5.0 (compatible; SemrushBot/6~bl; +http://www.semrush.com/bot.html)"
54.36.150.111 - - [20/Oct/2019:12:54:22 +0200] "GET /node/892/896?page=1 HTTP/1.1" 200 48391 "-" "Mozilla/5.0 (compatible; AhrefsBot/6.1; +http://ahrefs.com/robot/)"
46.18.194.34 - - [20/Oct/2019:12:56:01 +0200] "GET /sites/all/themes/popp/img/logo.jpg HTTP/1.0" 200 17084 "-" "-"
46.18.194.34 - - [20/Oct/2019:12:56:01 +0200] "GET /sites/default/files/_CBO5913_0.jpg HTTP/1.0" 200 14839184 "-" "-"
46.18.194.34 - - [20/Oct/2019:12:56:01 +0200] "GET /sites/default/files/R%C3%A9ginal-H%C3%B4tel%20vers%201950.jpg HTTP/1.0" 200 9262139 "-" "-"
66.249.65.158 - - [20/Oct/2019:12:56:00 +0200] "GET /printpdf/node/7955 HTTP/1.1" 200 24124819 "-" "Mozilla/5.0 (Linux; Android 6.0.1; Nexus 5X Build/MMB29P) AppleWebKit/537.36 (KHTML, like Gecko) Chrome/41.0.2272.96 Mobile Safari/537.36 (compatible; Googlebot/2.1; +http://www.google.com/bot.html)"
80.12.34.179 - - [20/Oct/2019:12:56:44 +0200] "GET /node/332 HTTP/1.1" 200 47814 "https://www.google.com/" "Mozilla/5.0 (Linux; Android 5.1.1; SAMSUNG SM-A510F Build/LMY47X) AppleWebKit/537.36 (KHTML, like Gecko) SamsungBrowser/9.2 Chrome/67.0.3396.87 Mobile Safari/537.36"
80.12.34.179 - - [20/Oct/2019:12:56:45 +0200] "GET /modules/system/system.base.css?px9c9m HTTP/1.1" 200 5428 "-" "Mozilla/5.0 (Linux; Android 5.1.1; SAMSUNG SM-A510F Build/LMY47X) AppleWebKit/537.36 (KHTML, like Gecko) SamsungBrowser/9.2 Chrome/67.0.3396.87 Mobile Safari/537.36"
80.12.34.179 - - [20/Oct/2019:12:56:45 +0200] "GET /sites/all/modules/date/date_api/date.css?px9c9m HTTP/1.1" 200 3733 "-" "Mozilla/5.0 (Linux; Android 5.1.1; SAMSUNG SM-A510F Build/LMY47X) AppleWebKit/537.36 (KHTML, like Gecko) SamsungBrowser/9.2 Chrome/67.0.3396.87 Mobile Safari/537.36"
80.12.34.179 - - [20/Oct/2019:12:56:45 +0200] "GET /sites/all/modules/views_slideshow/views_slideshow.css?px9c9m HTTP/1.1" 200 155 "-" "Mozilla/5.0 (Linux; Android 5.1.1; SAMSUNG SM-A510F Build/LMY47X) AppleWebKit/537.36 (KHTML, like Gecko) SamsungBrowser/9.2 Chrome/67.0.3396.87 Mobile Safari/537.36"
80.12.34.179 - - [20/Oct/2019:12:56:45 +0200] "GET /modules/field/theme/field.css?px9c9m HTTP/1.1" 200 550 "-" "Mozilla/5.0 (Linux; Android 5.1.1; SAMSUNG SM-A510F Build/LMY47X) AppleWebKit/537.36 (KHTML, like Gecko) SamsungBrowser/9.2 Chrome/67.0.3396.87 Mobile Safari/537.36"
80.12.34.179 - - [20/Oct/2019:12:56:45 +0200] "GET /modules/node/node.css?px9c9m HTTP/1.1" 200 144 "-" "Mozilla/5.0 (Linux; Android 5.1.1; SAMSUNG SM-A510F Build/LMY47X) AppleWebKit/537.36 (KHTML, like Gecko) SamsungBrowser/9.2 Chrome/67.0.3396.87 Mobile Safari/537.36"
80.12.34.179 - - [20/Oct/2019:12:56:45 +0200] "GET /sites/all/modules/postgis/postgis.css?px9c9m HTTP/1.1" 200 149 "-" "Mozilla/5.0 (Linux; Android 5.1.1; SAMSUNG SM-A510F Build/LMY47X) AppleWebKit/537.36 (KHTML, like Gecko) SamsungBrowser/9.2 Chrome/67.0.3396.87 Mobile Safari/537.36"
80.12.34.179 - - [20/Oct/2019:12:56:45 +0200] "GET /sites/all/modules/views/css/views.css?px9c9m HTTP/1.1" 200 707 "-" "Mozilla/5.0 (Linux; Android 5.1.1; SAMSUNG SM-A510F Build/LMY47X) AppleWebKit/537.36 (KHTML, like Gecko) SamsungBrowser/9.2 Chrome/67.0.3396.87 Mobile Safari/537.36"
80.12.34.179 - - [20/Oct/2019:12:56:45 +0200] "GET /sites/all/modules/ctools/css/ctools.css?px9c9m HTTP/1.1" 200 509 "-" "Mozilla/5.0 (Linux; Android 5.1.1; SAMSUNG SM-A510F Build/LMY47X) AppleWebKit/537.36 (KHTML, like Gecko) SamsungBrowser/9.2 Chrome/67.0.3396.87 Mobile Safari/537.36"
80.12.34.179 - - [20/Oct/2019:12:56:45 +0200] "GET /sites/all/modules/lightbox2/css/lightbox.css?px9c9m HTTP/1.1" 200 4990 "-" "Mozilla/5.0 (Linux; Android 5.1.1; SAMSUNG SM-A510F Build/LMY47X) AppleWebKit/537.36 (KHTML, like Gecko) SamsungBrowser/9.2 Chrome/67.0.3396.87 Mobile Safari/537.36"
80.12.34.179 - - [20/Oct/2019:12:56:45 +0200] "GET /sites/all/modules/print/print_ui/css/print_ui.theme.css?px9c9m HTTP/1.1" 200 516 "-" "Mozilla/5.0 (Linux; Android 5.1.1; SAMSUNG SM-A510F Build/LMY47X) AppleWebKit/537.36 (KHTML, like Gecko) SamsungBrowser/9.2 Chrome/67.0.3396.87 Mobile Safari/537.36"
80.12.34.179 - - [20/Oct/2019:12:56:45 +0200] "GET /sites/all/modules/views_slideshow/contrib/views_slideshow_cycle/views_slideshow_cycle.css?px9c9m HTTP/1.1" 200 550 "-" "Mozilla/5.0 (Linux; Android 5.1.1; SAMSUNG SM-A510F Build/LMY47X) AppleWebKit/537.36 (KHTML, like Gecko) SamsungBrowser/9.2 Chrome/67.0.3396.87 Mobile Safari/537.36"
80.12.34.179 - - [20/Oct/2019:12:56:45 +0200] "GET /sites/all/themes/bootstrap/css/3.0.2/overrides.min.css?px9c9m HTTP/1.1" 200 12850 "-" "Mozilla/5.0 (Linux; Android 5.1.1; SAMSUNG SM-A510F Build/LMY47X) AppleWebKit/537.36 (KHTML, like Gecko) SamsungBrowser/9.2 Chrome/67.0.3396.87 Mobile Safari/537.36"
80.12.34.179 - - [20/Oct/2019:12:56:45 +0200] "GET /sites/all/themes/popp/css/style.css?px9c9m HTTP/1.1" 200 12470 "-" "Mozilla/5.0 (Linux; Android 5.1.1; SAMSUNG SM-A510F Build/LMY47X) AppleWebKit/537.36 (KHTML, like Gecko) SamsungBrowser/9.2 Chrome/67.0.3396.87 Mobile Safari/537.36"
80.12.34.179 - - [20/Oct/2019:12:56:45 +0200] "GET /sites/all/modules/jquery_update/replace/jquery/1.8/jquery.min.js?v=1.8.3 HTTP/1.1" 200 93636 "https://popp.applis-bretagne.fr/node/332" "Mozilla/5.0 (Linux; Android 5.1.1; SAMSUNG SM-A510F Build/LMY47X) AppleWebKit/537.36 (KHTML, like Gecko) SamsungBrowser/9.2 Chrome/67.0.3396.87 Mobile Safari/537.36"
80.12.34.179 - - [20/Oct/2019:12:56:45 +0200] "GET /misc/jquery.once.js?v=1.2 HTTP/1.1" 200 2974 "https://popp.applis-bretagne.fr/node/332" "Mozilla/5.0 (Linux; Android 5.1.1; SAMSUNG SM-A510F Build/LMY47X) AppleWebKit/537.36 (KHTML, like Gecko) SamsungBrowser/9.2 Chrome/67.0.3396.87 Mobile Safari/537.36"
80.12.34.179 - - [20/Oct/2019:12:56:45 +0200] "GET /misc/drupal.js?px9c9m HTTP/1.1" 200 20219 "https://popp.applis-bretagne.fr/node/332" "Mozilla/5.0 (Linux; Android 5.1.1; SAMSUNG SM-A510F Build/LMY47X) AppleWebKit/537.36 (KHTML, like Gecko) SamsungBrowser/9.2 Chrome/67.0.3396.87 Mobile Safari/537.36"
80.12.34.179 - - [20/Oct/2019:12:56:45 +0200] "GET /sites/all/modules/views_slideshow/js/views_slideshow.js?v=1.0 HTTP/1.1" 200 19849 "https://popp.applis-bretagne.fr/node/332" "Mozilla/5.0 (Linux; Android 5.1.1; SAMSUNG SM-A510F Build/LMY47X) AppleWebKit/537.36 (KHTML, like Gecko) SamsungBrowser/9.2 Chrome/67.0.3396.87 Mobile Safari/537.36"
80.12.34.179 - - [20/Oct/2019:12:56:45 +0200] "GET /sites/all/modules/jquery_update/replace/ui/external/jquery.cookie.js?v=67fb34f6a866c40d0570 HTTP/1.1" 200 3655 "https://popp.applis-bretagne.fr/node/332" "Mozilla/5.0 (Linux; Android 5.1.1; SAMSUNG SM-A510F Build/LMY47X) AppleWebKit/537.36 (KHTML, like Gecko) SamsungBrowser/9.2 Chrome/67.0.3396.87 Mobile Safari/537.36"
80.12.34.179 - - [20/Oct/2019:12:56:46 +0200] "GET /sites/all/modules/jquery_update/replace/misc/jquery.form.min.js?v=2.69 HTTP/1.1" 200 10594 "https://popp.applis-bretagne.fr/node/332" "Mozilla/5.0 (Linux; Android 5.1.1; SAMSUNG SM-A510F Build/LMY47X) AppleWebKit/537.36 (KHTML, like Gecko) SamsungBrowser/9.2 Chrome/67.0.3396.87 Mobile Safari/537.36"
80.12.34.179 - - [20/Oct/2019:12:56:46 +0200] "GET /misc/ajax.js?v=7.59 HTTP/1.1" 200 25035 "https://popp.applis-bretagne.fr/node/332" "Mozilla/5.0 (Linux; Android 5.1.1; SAMSUNG SM-A510F Build/LMY47X) AppleWebKit/537.36 (KHTML, like Gecko) SamsungBrowser/9.2 Chrome/67.0.3396.87 Mobile Safari/537.36"
80.12.34.179 - - [20/Oct/2019:12:56:46 +0200] "GET /sites/all/modules/jquery_update/js/jquery_update.js?v=0.0.1 HTTP/1.1" 200 302 "https://popp.applis-bretagne.fr/node/332" "Mozilla/5.0 (Linux; Android 5.1.1; SAMSUNG SM-A510F Build/LMY47X) AppleWebKit/537.36 (KHTML, like Gecko) SamsungBrowser/9.2 Chrome/67.0.3396.87 Mobile Safari/537.36"
80.12.34.179 - - [20/Oct/2019:12:56:46 +0200] "GET /sites/default/files/languages/fr_UKQrqmACtOfpVXz8CZa6PF09AmI37XGjwKfsTsOlSz8.js?px9c9m HTTP/1.1" 200 4022 "https://popp.applis-bretagne.fr/node/332" "Mozilla/5.0 (Linux; Android 5.1.1; SAMSUNG SM-A510F Build/LMY47X) AppleWebKit/537.36 (KHTML, like Gecko) SamsungBrowser/9.2 Chrome/67.0.3396.87 Mobile Safari/537.36"
80.12.34.179 - - [20/Oct/2019:12:56:46 +0200] "GET /sites/all/modules/lightbox2/js/lightbox.js?1571569004 HTTP/1.1" 200 45178 "https://popp.applis-bretagne.fr/node/332" "Mozilla/5.0 (Linux; Android 5.1.1; SAMSUNG SM-A510F Build/LMY47X) AppleWebKit/537.36 (KHTML, like Gecko) SamsungBrowser/9.2 Chrome/67.0.3396.87 Mobile Safari/537.36"
80.12.34.179 - - [20/Oct/2019:12:56:46 +0200] "GET /sites/all/libraries/jquery.cycle/jquery.cycle.all.min.js?px9c9m HTTP/1.1" 200 52027 "https://popp.applis-bretagne.fr/node/332" "Mozilla/5.0 (Linux; Android 5.1.1; SAMSUNG SM-A510F Build/LMY47X) AppleWebKit/537.36 (KHTML, like Gecko) SamsungBrowser/9.2 Chrome/67.0.3396.87 Mobile Safari/537.36"
80.12.34.179 - - [20/Oct/2019:12:56:46 +0200] "GET /sites/all/modules/views_slideshow/contrib/views_slideshow_cycle/js/views_slideshow_cycle.js?px9c9m HTTP/1.1" 200 23199 "https://popp.applis-bretagne.fr/node/332" "Mozilla/5.0 (Linux; Android 5.1.1; SAMSUNG SM-A510F Build/LMY47X) AppleWebKit/537.36 (KHTML, like Gecko) SamsungBrowser/9.2 Chrome/67.0.3396.87 Mobile Safari/537.36"
80.12.34.179 - - [20/Oct/2019:12:56:46 +0200] "GET /sites/all/themes/popp/js/photo_display.js?px9c9m HTTP/1.1" 200 8631 "https://popp.applis-bretagne.fr/node/332" "Mozilla/5.0 (Linux; Android 5.1.1; SAMSUNG SM-A510F Build/LMY47X) AppleWebKit/537.36 (KHTML, like Gecko) SamsungBrowser/9.2 Chrome/67.0.3396.87 Mobile Safari/537.36"
80.12.34.179 - - [20/Oct/2019:12:56:46 +0200] "GET /sites/all/modules/views/js/base.js?px9c9m HTTP/1.1" 200 3087 "https://popp.applis-bretagne.fr/node/332" "Mozilla/5.0 (Linux; Android 5.1.1; SAMSUNG SM-A510F Build/LMY47X) AppleWebKit/537.36 (KHTML, like Gecko) SamsungBrowser/9.2 Chrome/67.0.3396.87 Mobile Safari/537.36"
80.12.34.179 - - [20/Oct/2019:12:56:46 +0200] "GET /sites/all/themes/bootstrap/js/misc/_progress.js?v=7.59 HTTP/1.1" 200 3540 "https://popp.applis-bretagne.fr/node/332" "Mozilla/5.0 (Linux; Android 5.1.1; SAMSUNG SM-A510F Build/LMY47X) AppleWebKit/537.36 (KHTML, like Gecko) SamsungBrowser/9.2 Chrome/67.0.3396.87 Mobile Safari/537.36"
80.12.34.179 - - [20/Oct/2019:12:56:46 +0200] "GET /sites/all/themes/popp/js/main.js?px9c9m HTTP/1.1" 200 1011 "https://popp.applis-bretagne.fr/node/332" "Mozilla/5.0 (Linux; Android 5.1.1; SAMSUNG SM-A510F Build/LMY47X) AppleWebKit/537.36 (KHTML, like Gecko) SamsungBrowser/9.2 Chrome/67.0.3396.87 Mobile Safari/537.36"
80.12.34.179 - - [20/Oct/2019:12:56:46 +0200] "GET /sites/all/themes/bootstrap/js/misc/ajax.js?px9c9m HTTP/1.1" 200 3913 "https://popp.applis-bretagne.fr/node/332" "Mozilla/5.0 (Linux; Android 5.1.1; SAMSUNG SM-A510F Build/LMY47X) AppleWebKit/537.36 (KHTML, like Gecko) SamsungBrowser/9.2 Chrome/67.0.3396.87 Mobile Safari/537.36"
